not running from maventest
not importing excel data when we are seperated specifications and impliments
